2025-12-05 16:07:28,620 - github_prod - INFO - Loading CSV from C:\Users\fatim\Cloud for AI\Github-Productivity\data\repositories.csv
2025-12-05 16:08:32,539 - github_prod - INFO - Loading CSV from C:\Users\fatim\Cloud for AI\Github-Productivity\data\repositories.csv
2025-12-05 16:08:34,845 - github_prod - DEBUG - Adding missing 'commits_count' column with default 0
2025-12-05 16:08:51,552 - github_prod - INFO - Loading CSV from C:\Users\fatim\Cloud for AI\Github-Productivity\data\repositories.csv
2025-12-05 16:08:53,863 - github_prod - DEBUG - Adding missing 'commits_count' column with default 0
2025-12-05 16:08:56,002 - github_prod - INFO - Loading CSV from C:\Users\fatim\Cloud for AI\Github-Productivity\data\repositories.csv
2025-12-05 16:09:03,413 - github_prod - DEBUG - Adding missing 'commits_count' column with default 0
2025-12-05 16:09:06,150 - github_prod - INFO - Prepared dataframe with shape (215029, 29)
2025-12-05 16:09:07,539 - github_prod - INFO - Using 18 numeric features for training
2025-12-05 16:09:09,825 - github_prod - INFO - Baseline acc 0.9999 f1 0.9804
2025-12-05 16:09:11,854 - github_prod - INFO - Saved model to C:\Users\fatim\Cloud for AI\Github-Productivity\models\baseline.joblib
2025-12-05 16:09:17,111 - github_prod - INFO - RF acc 1.0000 f1 1.0000
2025-12-05 16:09:23,994 - github_prod - INFO - Saved model to C:\Users\fatim\Cloud for AI\Github-Productivity\models\rf.joblib
2025-12-06 20:26:22,191 - github_prod - INFO - Loading CSV from C:\Users\fatim\Cloud for AI\Github-Productivity\data\repositories.csv
2025-12-06 20:26:24,501 - github_prod - DEBUG - Adding missing 'commits_count' column with default 0
2025-12-06 20:27:39,225 - github_prod - INFO - Loading CSV from C:\Users\fatim\Cloud for AI\Github-Productivity\data\repositories.csv
2025-12-06 20:27:41,769 - github_prod - DEBUG - Adding missing 'commits_count' column with default 0
2025-12-06 20:27:43,538 - github_prod - INFO -               precision    recall  f1-score   support

        high       1.00      0.50      0.67         2
         low       1.00      1.00      1.00     42968
      medium       0.97      1.00      0.99        36

    accuracy                           1.00     43006
   macro avg       0.99      0.83      0.88     43006
weighted avg       1.00      1.00      1.00     43006

2025-12-06 20:28:02,547 - github_prod - INFO - Loading CSV from C:\Users\fatim\Cloud for AI\Github-Productivity\data\repositories.csv
2025-12-06 20:28:05,803 - github_prod - DEBUG - Adding missing 'commits_count' column with default 0
2025-12-06 20:28:07,003 - github_prod - INFO - Prepared dataframe with shape (215029, 29)
2025-12-06 20:28:07,472 - github_prod - INFO - Using 18 numeric features for training
2025-12-06 20:28:08,166 - github_prod - INFO - Baseline acc 0.9999 f1 0.9804
2025-12-06 20:28:08,773 - github_prod - INFO - Saved model to C:\Users\fatim\Cloud for AI\Github-Productivity\models\baseline.joblib
2025-12-06 20:28:10,694 - github_prod - INFO - RF acc 1.0000 f1 1.0000
2025-12-06 20:28:12,386 - github_prod - INFO - Saved model to C:\Users\fatim\Cloud for AI\Github-Productivity\models\rf.joblib
2025-12-06 20:29:57,988 - github_prod - INFO - Loading CSV from C:\Users\fatim\Cloud for AI\Github-Productivity\data\repositories.csv
2025-12-06 20:30:00,316 - github_prod - DEBUG - Adding missing 'commits_count' column with default 0
2025-12-06 20:30:02,078 - github_prod - INFO -               precision    recall  f1-score   support

        high       1.00      0.50      0.67         2
         low       1.00      1.00      1.00     42968
      medium       0.97      1.00      0.99        36

    accuracy                           1.00     43006
   macro avg       0.99      0.83      0.88     43006
weighted avg       1.00      1.00      1.00     43006

2025-12-06 20:30:02,426 - github_prod - INFO - Wrote metrics to outputs\metrics.json
2025-12-06 20:30:03,546 - github_prod - INFO - Saved confusion matrix to outputs\conf_matrix.png
2025-12-06 20:30:03,548 - github_prod - INFO - Model has no feature_importances_ attribute; skipping feature importances output
